1791068213 d-main-off-2 15.36
1791068218 d-main-off-2 23.55
1791068223 d-main-off-2 31.33
1791068228 d-main-off-2 39.28
1791068233 d-main-off-2 47.73
1791068238 d-main-off-2 56.32
1791068243 d-main-off-2 64.98
1791068248 d-main-off-2 73.31
1791068253 d-main-off-2 81.49
1791068258 d-main-off-2 89.72
1791068263 d-main-off-2 97.37
1791068268 d-main-off-2 103.44
1791068273 d-main-off-2 107.43
1791068278 d-main-off-2 113.89
1791068283 d-main-off-2 122.29
1791068288 d-main-off-2 130.41
1791068293 d-main-off-2 137.86
1791068298 d-main-off-2 146.22
1791068303 d-main-off-2 154.36
1791068308 d-main-off-2 161.4
1791068313 d-main-off-2 169.22
1791068318 d-main-off-2 177.45
1791068323 d-main-off-2 185.65
1791068328 d-main-off-2 190.85
1791068333 d-main-off-2 194.69
1791068338 d-main-off-2 197.89
1791068343 d-main-off-2 201.82
1791068348 d-main-off-2 206.81
1791068353 d-main-off-2 211.04
1791068358 d-main-off-2 214.84
1791068363 d-main-off-2 218.44
1791068368 d-main-off-2 222.02
1791068373 d-main-off-2 225.57
1791068378 d-main-off-2 233.18
1791068384 d-main-off-2 241.43
1791068389 d-main-off-2 250.08
1791068394 d-main-off-2 258.57
1791068399 d-main-off-2 267.37
1791068404 d-main-off-2 276.05
1791068409 d-main-off-2 284.64
1791068414 d-main-off-2 293.06
1791068419 d-main-off-2 301.76
1791068424 d-main-off-2 310.5
1791068429 d-main-off-2 313.98
1791068434 d-main-off-2 314.36
1791068439 d-main-off-2 314.62
1791068444 d-branch-off-2 1.22
1791068449 d-branch-off-2 10.22
1791068454 d-branch-off-2 44.35
1791068459 d-branch-off-2 105.51
1791068464 d-branch-off-2 172.68
1791068469 d-branch-off-2 217.64
1791068474 d-branch-off-2 276.3
1791068479 d-branch-off-2 343.14
1791068484 d-branch-off-2 408.83
1791068489 d-branch-off-2 470.4
1791068494 d-branch-off-2 530.76
1791068499 d-branch-off-2 589.53
1791068504 d-branch-off-2 655.56
1791068509 d-branch-off-2 723.72
1791068514 d-branch-off-2 784.51
1791068519 d-branch-off-2 849.29
1791068524 d-branch-off-2 920.57
1791068529 d-branch-off-2 989.03
1791068534 d-branch-off-2 1036.74
1791068539 d-branch-off-2 1087.57
1791068544 d-branch-off-2 1150.83
1791068549 d-branch-off-2 1204.64
1791068554 d-branch-off-2 1272.42
1791068559 d-branch-off-2 1345.12
1791068564 d-branch-off-2 1419.98
1791068569 d-branch-off-2 1461.09
1791068574 d-branch-off-2 1521.31
1791068579 d-branch-off-2 1576.49
1791068584 d-branch-off-2 1627.93
1791068590 d-branch-off-2 1686.93
1791068595 d-branch-off-2 1752.22
1791068600 d-branch-off-2 1825.54
1791068605 d-branch-off-2 1884.26
1791068610 d-branch-off-2 1927.13
1791068615 d-branch-off-2 1986.54
1791068620 d-branch-off-2 2036.69
1791068625 d-branch-off-2 2104.72
1791068630 d-branch-off-2 2154.58
1791068635 d-branch-off-2 2218.9
1791068640 d-branch-off-2 2268.77
1791068645 d-branch-off-2 2345.48
1791068650 d-branch-off-2 2405.36
1791068655 d-branch-off-2 2450.94
1791068660 d-branch-off-2 2508.87
1791068665 d-branch-off-2 2575.56
1791068670 d-branch-off-2 2637
1791068675 d-branch-off-2 2705.4
1791068680 d-branch-off-2 2763.72
1791068685 d-branch-off-2 2791.89
1791068690 d-branch-off-2 2792.31
1791068720 d-branch-off-3 0.93
1791068725 d-branch-off-3 5.58
1791068730 d-branch-off-3 45.55
1791068735 d-branch-off-3 110.77
1791068740 d-branch-off-3 166.48
1791068745 d-branch-off-3 230.65
1791068750 d-branch-off-3 296.28
1791068755 d-branch-off-3 344.6
1791068760 d-branch-off-3 396.99
1791068765 d-branch-off-3 461.04
1791068770 d-branch-off-3 545.44
1791068775 d-branch-off-3 611.5
1791068780 d-branch-off-3 662.67
1791068785 d-branch-off-3 717.82
1791068790 d-branch-off-3 784.52
1791068795 d-branch-off-3 857.21
1791068800 d-branch-off-3 918.03
1791068805 d-branch-off-3 984.62
1791068811 d-branch-off-3 1042.89
1791068816 d-branch-off-3 1126.11
1791068821 d-branch-off-3 1197.05
1791068826 d-branch-off-3 1259.8
1791068831 d-branch-off-3 1319.95
1791068836 d-branch-off-3 1372.14
1791068841 d-branch-off-3 1428.93
1791068846 d-branch-off-3 1486.85
1791068851 d-branch-off-3 1543.88
1791068856 d-branch-off-3 1607.26
1791068861 d-branch-off-3 1681.18
1791068866 d-branch-off-3 1735.82
1791068871 d-branch-off-3 1796.21
1791068876 d-branch-off-3 1857.29
1791068881 d-branch-off-3 1923.8
1791068886 d-branch-off-3 1993.67
1791068891 d-branch-off-3 2059.13
1791068896 d-branch-off-3 2109.98
1791068901 d-branch-off-3 2184.16
1791068906 d-branch-off-3 2239.23
1791068911 d-branch-off-3 2277.59
1791068916 d-branch-off-3 2287.73
1791068921 d-branch-off-3 2353.83
1791068926 d-branch-off-3 2404.49
1791068931 d-branch-off-3 2465.11
1791068936 d-branch-off-3 2519.49
1791068941 d-branch-off-3 2585.82
1791068946 d-branch-off-3 2645.9
1791068951 d-branch-off-3 2714.88
1791068956 d-branch-off-3 2762.7
1791068961 d-branch-off-3 2763.28
1791068991 d-main-off-3 2.53
1791068996 d-main-off-3 11.19
1791069001 d-main-off-3 19.61
1791069006 d-main-off-3 27.82
1791069011 d-main-off-3 36.08
1791069017 d-main-off-3 44.35
1791069022 d-main-off-3 52.74
1791069027 d-main-off-3 60.8
1791069032 d-main-off-3 68.31
1791069037 d-main-off-3 76.94
1791069042 d-main-off-3 85.18
1791069047 d-main-off-3 92.81
1791069052 d-main-off-3 101.11
1791069057 d-main-off-3 108.79
1791069062 d-main-off-3 116.34
1791069067 d-main-off-3 124.42
1791069072 d-main-off-3 132.46
1791069077 d-main-off-3 140.73
1791069082 d-main-off-3 148.67
1791069087 d-main-off-3 156.71
1791069092 d-main-off-3 164.98
1791069097 d-main-off-3 173.74
1791069102 d-main-off-3 181.89
1791069107 d-main-off-3 190.55
1791069112 d-main-off-3 198.5
1791069117 d-main-off-3 206.92
1791069122 d-main-off-3 215.4
1791069127 d-main-off-3 223.19
1791069132 d-main-off-3 231.64
1791069137 d-main-off-3 240.26
1791069142 d-main-off-3 248.53
1791069147 d-main-off-3 256.46
1791069153 d-main-off-3 264.86
1791069158 d-main-off-3 273.57
1791069163 d-main-off-3 281.45
1791069168 d-main-off-3 290.13
1791069173 d-main-off-3 298.77
1791069178 d-main-off-3 306.96
1791069183 d-main-off-3 315
1791069188 d-main-off-3 323.55
1791069193 d-main-off-3 331.97
1791069198 d-main-off-3 340.45
1791069203 d-main-off-3 348.93
1791069208 d-main-off-3 357.75
1791069213 d-main-off-3 366.36
1791069218 d-main-off-3 375.05
1791069223 d-main-off-3 382.97
1791069228 d-main-off-3 387.45
1791069233 d-main-off-3 387.8
1791069238 d-main-off-3 388.12
1791069243 d-main-off-3 388.33
1791069248 d-main-off-3 388.56
1791069253 d-main-off-3 388.75
1791069258 d-main-off-3 388.99
1791069575 e-main-off-1 1.03
1791069579 e-main-off-1 4.4
1791069584 e-main-off-1 11.96
1791069589 e-main-off-1 19.64
1791069594 e-main-off-1 25.57
1791069599 e-main-off-1 30.79
1791069604 e-main-off-1 38.4
1791069609 e-main-off-1 46.24
1791069614 e-main-off-1 53.56
1791069619 e-main-off-1 61.08
1791069624 e-main-off-1 68.63
1791069629 e-main-off-1 74.99
1791069634 e-main-off-1 79.72
1791069639 e-main-off-1 87.74
1791069645 e-main-off-1 95.73
1791069650 e-main-off-1 103.33
1791069655 e-main-off-1 109.69
1791069660 e-main-off-1 117.25
1791069665 e-main-off-1 124.76
1791069670 e-main-off-1 133.14
1791069675 e-main-off-1 141.24
1791069680 e-main-off-1 148.8
1791069685 e-main-off-1 156.9
1791069690 e-main-off-1 164.52
1791069695 e-main-off-1 172.5
1791069700 e-main-off-1 180.48
1791069705 e-main-off-1 187.21
1791069710 e-main-off-1 194.89
1791069715 e-main-off-1 202.71
1791069720 e-main-off-1 211.11
1791069725 e-main-off-1 218.93
1791069730 e-main-off-1 227.25
1791069735 e-main-off-1 235.42
1791069740 e-main-off-1 243.57
1791069745 e-main-off-1 251.05
1791069750 e-main-off-1 258.53
1791069755 e-main-off-1 266.87
1791069760 e-main-off-1 274.64
1791069765 e-main-off-1 282.95
1791069770 e-main-off-1 291.26
1791069775 e-main-off-1 299.76
1791069780 e-main-off-1 308.29
1791069786 e-main-off-1 314.72
1791069791 e-main-off-1 318.37
1791069796 e-main-off-1 323.18
1791069801 e-main-off-1 329.05
1791069806 e-main-off-1 337.13
1791069811 e-main-off-1 345.19
1791069816 e-main-off-1 353.21
1791069821 e-main-off-1 361.31
1791069826 e-main-off-1 369.57
1791069831 e-main-off-1 373.58
1791069836 e-main-off-1 374
1791069841 e-main-off-1 374.25
1791069846 e-main-off-1 374.55
1791069851 e-branch-off-2 1.6
1791069856 e-branch-off-2 8.8
1791069861 e-branch-off-2 16.36
1791069866 e-branch-off-2 23.62
1791069871 e-branch-off-2 29.83
1791069876 e-branch-off-2 36.52
1791069881 e-branch-off-2 43.94
1791069886 e-branch-off-2 50.86
1791069891 e-branch-off-2 58.27
1791069896 e-branch-off-2 65.93
1791069901 e-branch-off-2 73.39
1791069906 e-branch-off-2 80.72
1791069911 e-branch-off-2 86.69
1791069916 e-branch-off-2 91.68
1791069921 e-branch-off-2 98.97
1791069926 e-branch-off-2 106.13
1791069931 e-branch-off-2 113.27
1791069936 e-branch-off-2 120.46
1791069941 e-branch-off-2 127.64
1791069947 e-branch-off-2 134.71
1791069952 e-branch-off-2 141.86
1791069957 e-branch-off-2 149.03
1791069962 e-branch-off-2 156.31
1791069967 e-branch-off-2 162.29
1791069972 e-branch-off-2 169.58
1791069977 e-branch-off-2 176.83
1791069982 e-branch-off-2 183.29
1791069987 e-branch-off-2 187.27
1791069992 e-branch-off-2 190.68
1791069997 e-branch-off-2 193.85
1791070002 e-branch-off-2 197.71
1791070007 e-branch-off-2 202.2
1791070012 e-branch-off-2 206.35
1791070017 e-branch-off-2 212.3
1791070022 e-branch-off-2 217.23
1791070027 e-branch-off-2 224.35
1791070032 e-branch-off-2 231.64
1791070037 e-branch-off-2 238.92
1791070042 e-branch-off-2 243.58
1791070047 e-branch-off-2 246.45
1791070052 e-branch-off-2 250.01
1791070057 e-branch-off-2 257.2
1791070062 e-branch-off-2 264.71
1791070067 e-branch-off-2 270.16
1791070072 e-branch-off-2 270.72
1791070092 deposit2 1.02
1791070118 p64-branch-on 0.91
1791070123 p64-branch-on 8.41
1791070128 p64-branch-on 19.01
1791070133 p64-branch-on 29.1
1791070138 p64-branch-on 39.23
1791070143 p64-branch-on 49.21
1791070148 p64-branch-on 58.41
1791070153 p64-branch-on 67.71
1791070158 p64-branch-on 77.06
1791070163 p64-branch-on 84.05
1791070168 p64-branch-on 84.68
1791070173 p64-branch-on 85.46
1791070178 p64-main-on 0.98
1791070183 p64-main-on 10.59
1791070188 p64-main-on 22.01
1791070193 p64-main-on 33.65
1791070198 p64-main-on 44.78
1791070203 p64-main-on 56.35
1791070208 p64-main-on 66.94
1791070213 p64-main-on 73.87
1791070218 p64-main-on 74.23
